Godot Engine v4.7.1.stable.official.a13da4feb - https://godotengine.org

SCRIPT ERROR: Parse Error: Identifier "entry" not declared in the current scope.
   at: GDScript::reload (res://Scripts/commerce_hub.gd:86)
SCRIPT ERROR: Compile Error: Failed to compile depended scripts.
   at: GDScript::reload (res://Scripts/world_map_canvas.gd:0)
SCRIPT ERROR: Compile Error: Failed to compile depended scripts.
   at: GDScript::reload (res://Scripts/world_map.gd:0)
SCRIPT ERROR: Compile Error: Failed to compile depended scripts.
   at: GDScript::reload (res://Scripts/dungeon_manager.gd:0)
SCRIPT ERROR: Compile Error: Failed to compile depended scripts.
   at: GDScript::reload (res://Scripts/story_manager.gd:0)
SCRIPT ERROR: Compile Error: Failed to compile depended scripts.
   at: GDScript::reload (res://Scripts/fox_shop.gd:0)
SCRIPT ERROR: Compile Error: Failed to compile depended scripts.
   at: GDScript::reload (res://Scripts/fox_asha.gd:0)
SCRIPT ERROR: Compile Error: Failed to compile depended scripts.
   at: GDScript::reload (res://Scripts/fox_lio.gd:0)
SCRIPT ERROR: Compile Error: Failed to compile depended scripts.
   at: GDScript::reload (res://Scripts/chicken_enemy.gd:0)
SCRIPT ERROR: Compile Error: Failed to compile depended scripts.
   at: GDScript::reload (res://Scripts/fox_player.gd:0)
SCRIPT ERROR: Compile Error: Failed to compile depended scripts.
   at: GDScript::reload (res://Scripts/world.gd:0)
SCRIPT ERROR: Compile Error: Failed to compile depended scripts.
   at: GDScript::reload (res://Tests/sep03_equipment_commerce_smoke_test.gd:0)
ERROR: Failed to load script "res://Tests/sep03_equipment_commerce_smoke_test.gd" with error "Compilation failed".
   at: load (modules/gdscript/gdscript_resource_format.cpp:46)
ERROR: Failed to read the root certificate store.
   at: get_system_ca_certificates (platform/windows/os_windows.cpp:2582)
SCRIPT ERROR: Invalid access to property or key '_bazaar_button' on a base object of type 'Nil'.
   at: _run (res://Tests/sep03_equipment_commerce_smoke_test.gd:69)
   GDScript backtrace (most recent call first):
       [0] _run (res://Tests/sep03_equipment_commerce_smoke_test.gd:69)
